// Jest Snapshot v1, https://goo.gl/fbAQLP

exports[`create new game it creates a new game 1`] = `
Object {
  "data": Object {
    "createGame": Object {
      "game": Object {
        "id": "g1",
      },
    },
  },
  "errors": undefined,
  "extensions": undefined,
  "http": Object {
    "headers": Headers {
      Symbol(map): Object {},
    },
  },
}
`;
