// Jest Snapshot v1, https://goo.gl/fbAQLP

exports[`getGames gets all the games waiting for players 1`] = `
Object {
  "data": Object {
    "games": Array [
      Object {
        "id": "g1",
      },
      Object {
        "id": "g4",
      },
    ],
  },
  "errors": undefined,
  "extensions": undefined,
  "http": Object {
    "headers": Headers {
      Symbol(map): Object {},
    },
  },
}
`;
