// Jest Snapshot v1, https://goo.gl/fbAQLP

exports[`getGame gets a game by its id 1`] = `
Object {
  "data": Object {
    "game": Object {
      "currentTurnId": "t1",
      "endCondition": Object {
        "__typename": "GameRemainingTurnsEndCondition",
        "remainingTurns": 10,
      },
      "id": "g1",
      "players": Array [
        Object {
          "score": 2,
        },
        Object {
          "score": 4,
        },
        Object {
          "score": 6,
        },
        Object {
          "score": 9,
        },
        Object {
          "score": 3,
        },
      ],
      "status": "WAITING_FOR_PLAYERS",
    },
  },
  "errors": undefined,
  "extensions": undefined,
  "http": Object {
    "headers": Headers {
      Symbol(map): Object {},
    },
  },
}
`;
