// Jest Snapshot v1, https://goo.gl/fbAQLP

exports[`start game a game with more than 2 players can be started by the host 1`] = `
Object {
  "data": Object {
    "lobbyStartGame": Object {
      "gameId": "g42",
    },
  },
  "errors": undefined,
  "extensions": undefined,
  "http": Object {
    "headers": Headers {
      Symbol(map): Object {},
    },
  },
}
`;
