// Jest Snapshot v1, https://goo.gl/fbAQLP

exports[`Scenario: starting the first game turn given a game not yet started when the game is started then a new turn should be created and the storyteller phase started: game42 should not be started 1`] = `
Object {
  "deck": Array [
    39,
    76,
    69,
    32,
    16,
    41,
    55,
    15,
    79,
    25,
    52,
    11,
    51,
    57,
    82,
    38,
    47,
    72,
    18,
    66,
    78,
    3,
    17,
    70,
    26,
    42,
    7,
    59,
    77,
    68,
    6,
    12,
    67,
    28,
    49,
    56,
    21,
    31,
    60,
    61,
    62,
    24,
    48,
    74,
    20,
    75,
    27,
    29,
    71,
    5,
    81,
    40,
    53,
    50,
    0,
    22,
    37,
    73,
    43,
    2,
    13,
    36,
    45,
    83,
    44,
    54,
    10,
    1,
    19,
    34,
    33,
    80,
    63,
    64,
    4,
    65,
    8,
    46,
    58,
    14,
    30,
    35,
    9,
    23,
  ],
  "gameId": "game42",
  "players": Array [],
  "remainingCardsInDrawPile": undefined,
}
`;
